../Drivers/CMSIS/Include/core_cm4.h:1684:22:__NVIC_EnableIRQ	16	static,ignoring_inline_asm
../BSW/MCAL/UART/Mcal_Uart.c:18:23:Uart_GetChannel	16	static
../BSW/MCAL/UART/Mcal_Uart.c:26:13:Uart_EnableClock	16	static
../BSW/MCAL/UART/Mcal_Uart.c:39:13:Uart_ConfigureGpio	24	static
../BSW/MCAL/UART/Mcal_Uart.c:72:13:Uart_ConfigureDma	48	static
../BSW/MCAL/UART/Mcal_Uart.c:127:16:Uart_Init	56	static
../BSW/MCAL/UART/Mcal_Uart.c:215:16:Uart_Write	40	static
../BSW/MCAL/UART/Mcal_Uart.c:257:16:Uart_Read	40	static
../BSW/MCAL/UART/Mcal_Uart.c:293:17:Uart_GetStatus	16	static
../BSW/MCAL/UART/Mcal_Uart.c:304:16:Uart_SetBaudrate	32	static
../BSW/MCAL/UART/Mcal_Uart.c:321:6:USART1_IRQHandler	16	static
../BSW/MCAL/UART/Mcal_Uart.c:352:6:USART2_IRQHandler	16	static
../BSW/MCAL/UART/Mcal_Uart.c:383:6:USART3_IRQHandler	16	static
../BSW/MCAL/UART/Mcal_Uart.c:415:6:DMA2_Stream7_IRQHandler	4	static
../BSW/MCAL/UART/Mcal_Uart.c:429:6:DMA2_Stream5_IRQHandler	4	static
../BSW/MCAL/UART/Mcal_Uart.c:443:6:DMA1_Stream6_IRQHandler	4	static
../BSW/MCAL/UART/Mcal_Uart.c:457:6:DMA1_Stream5_IRQHandler	4	static
../BSW/MCAL/UART/Mcal_Uart.c:471:6:DMA1_Stream3_IRQHandler	4	static
../BSW/MCAL/UART/Mcal_Uart.c:485:6:DMA1_Stream1_IRQHandler	4	static
